[root@localhost ~]# ansible all -i 10.76.137.71, -m yum -a "state=present name=httpd" -u root -k
SSH password:
10.76.137.71 | SUCCESS => {
    "ansible_facts": {
        "discovered_interpreter_python": "/usr/bin/python"
    },
    "changed": false,
    "msg": "",
    "rc": 0,
    "results": [
        "httpd-2.4.6-90.el7.centos.x86_64 providing httpd is already installed"
    ]
}


[root@localhost ~]# ansible all -i 10.76.137.71, -m service -a "state=started name=httpd" -u root -k
SSH password:
10.76.137.71 | CHANGED => {
    "ansible_facts": {
        "discovered_interpreter_python": "/usr/bin/python"
    },
    "changed": true,
    "name": "httpd",
    "state": "started",
    "status": {
        "ActiveEnterTimestampMonotonic": "0",
        "ActiveExitTimestampMonotonic": "0",
        "ActiveState": "inactive",
        "After": "basic.target nss-lookup.target remote-fs.target tmp.mount network.target systemd-journald.socket system.slice -.mount",
        "AllowIsolate": "no",
        "AmbientCapabilities": "0",
        "AssertResult": "no",
        "AssertTimestampMonotonic": "0",
        "Before": "shutdown.target",
        "BlockIOAccounting": "no",
        "BlockIOWeight": "18446744073709551615",
        "CPUAccounting": "no",
        "CPUQuotaPerSecUSec": "infinity",
        "CPUSchedulingPolicy": "0",
        "CPUSchedulingPriority": "0",
        "CPUSchedulingResetOnFork": "no",
        "CPUShares": "18446744073709551615",
        "CanIsolate": "no",
        "CanReload": "yes",
        "CanStart": "yes",
        "CanStop": "yes",
        "CapabilityBoundingSet": "18446744073709551615",
        "ConditionResult": "no",
        "ConditionTimestampMonotonic": "0",
        "Conflicts": "shutdown.target",
        "ControlPID": "0",
        "DefaultDependencies": "yes",
        "Delegate": "no",
        "Description": "The Apache HTTP Server",
        "DevicePolicy": "auto",
        "Documentation": "man:httpd(8) man:apachectl(8)",
        "EnvironmentFile": "/etc/sysconfig/httpd (ignore_errors=no)",
        "ExecMainCode": "0",
        "ExecMainExitTimestampMonotonic": "0",
        "ExecMainPID": "0",
        "ExecMainStartTimestampMonotonic": "0",
        "ExecMainStatus": "0",
        "ExecReload": "{ path=/usr/sbin/httpd ; argv[]=/usr/sbin/httpd $OPTIONS -k graceful ; ignore_errors=no ; start_time=[n/a] ; stop_time=[n/a] ; pid=0 ; code=(null) ; status=0/0 }",
        "ExecStart": "{ path=/usr/sbin/httpd ; argv[]=/usr/sbin/httpd $OPTIONS -DFOREGROUND ; ignore_errors=no ; start_time=[n/a] ; stop_time=[n/a] ; pid=0 ; code=(null) ; status=0/0 }",
        "ExecStop": "{ path=/bin/kill ; argv[]=/bin/kill -WINCH ${MAINPID} ; ignore_errors=no ; start_time=[n/a] ; stop_time=[n/a] ; pid=0 ; code=(null) ; status=0/0 }",
        "FailureAction": "none",
        "FileDescriptorStoreMax": "0",
        "FragmentPath": "/usr/lib/systemd/system/httpd.service",
        "GuessMainPID": "yes",
        "IOScheduling": "0",
        "Id": "httpd.service",
        "IgnoreOnIsolate": "no",
        "IgnoreOnSnapshot": "no",
        "IgnoreSIGPIPE": "yes",
        "InactiveEnterTimestampMonotonic": "0",
        "InactiveExitTimestampMonotonic": "0",
        "JobTimeoutAction": "none",
        "JobTimeoutUSec": "0",
        "KillMode": "control-group",
        "KillSignal": "18",
        "LimitAS": "18446744073709551615",
        "LimitCORE": "18446744073709551615",
        "LimitCPU": "18446744073709551615",
        "LimitDATA": "18446744073709551615",
        "LimitFSIZE": "18446744073709551615",
        "LimitLOCKS": "18446744073709551615",
        "LimitMEMLOCK": "65536",
        "LimitMSGQUEUE": "819200",
        "LimitNICE": "0",
        "LimitNOFILE": "4096",
        "LimitNPROC": "7258",
        "LimitRSS": "18446744073709551615",
        "LimitRTPRIO": "0",
        "LimitRTTIME": "18446744073709551615",
        "LimitSIGPENDING": "7258",
        "LimitSTACK": "18446744073709551615",
        "LoadState": "loaded",
        "MainPID": "0",
        "MemoryAccounting": "no",
        "MemoryCurrent": "18446744073709551615",
        "MemoryLimit": "18446744073709551615",
        "MountFlags": "0",
        "Names": "httpd.service",
        "NeedDaemonReload": "no",
        "Nice": "0",
        "NoNewPrivileges": "no",
        "NonBlocking": "no",
        "NotifyAccess": "main",
        "OOMScoreAdjust": "0",
        "OnFailureJobMode": "replace",
        "PermissionsStartOnly": "no",
        "PrivateDevices": "no",
        "PrivateNetwork": "no",
        "PrivateTmp": "yes",
        "ProtectHome": "no",
        "ProtectSystem": "no",
        "RefuseManualStart": "no",
        "RefuseManualStop": "no",
        "RemainAfterExit": "no",
        "Requires": "basic.target -.mount",
        "RequiresMountsFor": "/var/tmp",
        "Restart": "no",
        "RestartUSec": "100ms",
        "Result": "success",
        "RootDirectoryStartOnly": "no",
        "RuntimeDirectoryMode": "0755",
        "SameProcessGroup": "no",
        "SecureBits": "0",
        "SendSIGHUP": "no",
        "SendSIGKILL": "yes",
        "Slice": "system.slice",
        "StandardError": "inherit",
        "StandardInput": "null",
        "StandardOutput": "journal",
        "StartLimitAction": "none",
        "StartLimitBurst": "5",
        "StartLimitInterval": "10000000",
        "StartupBlockIOWeight": "18446744073709551615",
        "StartupCPUShares": "18446744073709551615",
        "StatusErrno": "0",
        "StopWhenUnneeded": "no",
        "SubState": "dead",
        "SyslogLevelPrefix": "yes",
        "SyslogPriority": "30",
        "SystemCallErrorNumber": "0",
        "TTYReset": "no",
        "TTYVHangup": "no",
        "TTYVTDisallocate": "no",
        "TasksAccounting": "no",
        "TasksCurrent": "18446744073709551615",
        "TasksMax": "18446744073709551615",
        "TimeoutStartUSec": "1min 30s",
        "TimeoutStopUSec": "1min 30s",
        "TimerSlackNSec": "50000",
        "Transient": "no",
        "Type": "notify",
        "UMask": "0022",
        "UnitFilePreset": "disabled",
        "UnitFileState": "disabled",
        "Wants": "system.slice",
        "WatchdogTimestampMonotonic": "0",
        "WatchdogUSec": "0"
    }
}



[root@localhost ~]# ansible all -i 10.76.137.71, -m copy -a "src=index.html dest=/var/www/html/" -u root -k
SSH password:
10.76.137.71 | CHANGED => {
    "ansible_facts": {
        "discovered_interpreter_python": "/usr/bin/python"
    },
    "changed": true,
    "checksum": "7d95a7ab47ed594969fdacc114794e8133d2c786",
    "dest": "/var/www/html/index.html",
    "gid": 0,
    "group": "root",
    "md5sum": "9267511a22ee72ad81ec3e0c674b115e",
    "mode": "0644",
    "owner": "root",
    "secontext": "system_u:object_r:httpd_sys_content_t:s0",
    "size": 13,
    "src": "/root/.ansible/tmp/ansible-tmp-1570600968.4-188524366296158/source",
    "state": "file",
    "uid": 0
}

[root@localhost ~]#
[root@localhost ~]# ansible all -i 10.76.137.71, -m file -a "state=touch dest=/var/www/html/robin.html" -u root -k
SSH password:
10.76.137.71 | CHANGED => {
    "ansible_facts": {
        "discovered_interpreter_python": "/usr/bin/python"
    },
    "changed": true,
    "dest": "/var/www/html/robin.html",
    "gid": 0,
    "group": "root",
    "mode": "0644",
    "owner": "root",
    "secontext": "unconfined_u:object_r:httpd_sys_content_t:s0",
    "size": 0,
    "state": "file",
    "uid": 0
}


[root@localhost ~]# ansible  all -i 10.76.137.71, -m group -a 'name=Ansible' -u root -k
SSH password:
10.76.137.71 | CHANGED => {
    "ansible_facts": {
        "discovered_interpreter_python": "/usr/bin/python"
    },
    "changed": true,
    "gid": 1000,
    "name": "Ansible",
    "state": "present",
    "system": false
}

[root@localhost ~]# Ansible  all -i 10.76.137.71, -m user -a 'name=Robin group=Ansible' -u root -k
-bash: Ansible: command not found
[root@localhost ~]# ansible  all -i 10.76.137.71, -m user -a 'name=Robin group=Ansible' -u root -k
SSH password:
10.76.137.71 | CHANGED => {
    "ansible_facts": {
        "discovered_interpreter_python": "/usr/bin/python"
    },
    "changed": true,
    "comment": "",
    "create_home": true,
    "group": 1000,
    "home": "/home/Robin",
    "name": "Robin",
    "shell": "/bin/bash",
    "state": "present",
    "system": false,
    "uid": 1000
}


[root@localhost ~]# ansible  all -i 10.76.137.71, -m yum -a "state=present name=git" -u root -k
SSH password:
10.76.137.71 | CHANGED => {
    "ansible_facts": {
        "discovered_interpreter_python": "/usr/bin/python"
    },
    "changed": true,
    "changes": {
        "installed": [
            "git"
        ]
    },
    "msg": "",
    "rc": 0,
    "results": [
        "Loaded plugins: fastestmirror\nLoading mirror speeds from cached hostfile\n * base: centos.excellmedia.net\n * extras: centos-hcm.viettelidc.com.vn\n * updates: centos-hcm.viettelidc.com.vn\nResolving Dependencies\n--> Running transaction check\n---> Package git.x86_64 0:1.8.3.1-20.el7 will be installed\n--> Processing Dependency: perl-Git = 1.8.3.1-20.el7 for package: git-1.8.3.1-20.el7.x86_64\n--> Processing Dependency: perl >= 5.008 for package: git-1.8.3.1-20.el7.x86_64\n--> Processing Dependency: rsync for package: git-1.8.3.1-20.el7.x86_64\n--> Processing Dependency: perl(warnings) for package: git-1.8.3.1-20.el7.x86_64\n--> Processing Dependency: perl(vars) for package: git-1.8.3.1-20.el7.x86_64\n--> Processing Dependency: perl(strict) for package: git-1.8.3.1-20.el7.x86_64\n--> Processing Dependency: perl(lib) for package: git-1.8.3.1-20.el7.x86_64\n--> Processing Dependency: perl(Term::ReadKey) for package: git-1.8.3.1-20.el7.x86_64\n--> Processing Dependency: perl(Git) for package: git-1.8.3.1-20.el7.x86_64\n--> Processing Dependency: perl(Getopt::Long) for package: git-1.8.3.1-20.el7.x86_64\n--> Processing Dependency: perl(File::stat) for package: git-1.8.3.1-20.el7.x86_64\n--> Processing Dependency: perl(File::Temp) for package: git-1.8.3.1-20.el7.x86_64\n--> Processing Dependency: perl(File::Spec) for package: git-1.8.3.1-20.el7.x86_64\n--> Processing Dependency: perl(File::Path) for package: git-1.8.3.1-20.el7.x86_64\n--> Processing Dependency: perl(File::Find) for package: git-1.8.3.1-20.el7.x86_64\n--> Processing Dependency: perl(File::Copy) for package: git-1.8.3.1-20.el7.x86_64\n--> Processing Dependency: perl(File::Basename) for package: git-1.8.3.1-20.el7.x86_64\n--> Processing Dependency: perl(Exporter) for package: git-1.8.3.1-20.el7.x86_64\n--> Processing Dependency: perl(Error) for package: git-1.8.3.1-20.el7.x86_64\n--> Processing Dependency: /usr/bin/perl for package: git-1.8.3.1-20.el7.x86_64\n--> Running transaction check\n---> Package perl.x86_64 4:5.16.3-294.el7_6 will be installed\n--> Processing Dependency: perl-libs = 4:5.16.3-294.el7_6 for package: 4:perl-5.16.3-294.el7_6.x86_64\n--> Processing Dependency: perl(Socket) >= 1.3 for package: 4:perl-5.16.3-294.el7_6.x86_64\n--> Processing Dependency: perl(Scalar::Util) >= 1.10 for package: 4:perl-5.16.3-294.el7_6.x86_64\n--> Processing Dependency: perl-macros for package: 4:perl-5.16.3-294.el7_6.x86_64\n--> Processing Dependency: perl-libs for package: 4:perl-5.16.3-294.el7_6.x86_64\n--> Processing Dependency: perl(threads::shared) for package: 4:perl-5.16.3-294.el7_6.x86_64\n--> Processing Dependency: perl(threads) for package: 4:perl-5.16.3-294.el7_6.x86_64\n--> Processing Dependency: perl(constant) for package: 4:perl-5.16.3-294.el7_6.x86_64\n--> Processing Dependency: perl(Time::Local) for package: 4:perl-5.16.3-294.el7_6.x86_64\n--> Processing Dependency: perl(Time::HiRes) for package: 4:perl-5.16.3-294.el7_6.x86_64\n--> Processing Dependency: perl(Storable) for package: 4:perl-5.16.3-294.el7_6.x86_64\n--> Processing Dependency: perl(Socket) for package: 4:perl-5.16.3-294.el7_6.x86_64\n--> Processing Dependency: perl(Scalar::Util) for package: 4:perl-5.16.3-294.el7_6.x86_64\n--> Processing Dependency: perl(Pod::Simple::XHTML) for package: 4:perl-5.16.3-294.el7_6.x86_64\n--> Processing Dependency: perl(Pod::Simple::Search) for package: 4:perl-5.16.3-294.el7_6.x86_64\n--> Processing Dependency: perl(Filter::Util::Call) for package: 4:perl-5.16.3-294.el7_6.x86_64\n--> Processing Dependency: perl(Carp) for package: 4:perl-5.16.3-294.el7_6.x86_64\n--> Processing Dependency: libperl.so()(64bit) for package: 4:perl-5.16.3-294.el7_6.x86_64\n---> Package perl-Error.noarch 1:0.17020-2.el7 will be installed\n---> Package perl-Exporter.noarch 0:5.68-3.el7 will be installed\n---> Package perl-File-Path.noarch 0:2.09-2.el7 will be installed\n---> Package perl-File-Temp.noarch 0:0.23.01-3.el7 will be installed\n---> Package perl-Getopt-Long.noarch 0:2.40-3.el7 will be installed\n--> Processing Dependency: perl(Pod::Usage) >= 1.14 for package: perl-Getopt-Long-2.40-3.el7.noarch\n--> Processing Dependency: perl(Text::ParseWords) for package: perl-Getopt-Long-2.40-3.el7.noarch\n---> Package perl-Git.noarch 0:1.8.3.1-20.el7 will be installed\n---> Package perl-PathTools.x86_64 0:3.40-5.el7 will be installed\n---> Package perl-TermReadKey.x86_64 0:2.30-20.el7 will be installed\n---> Package rsync.x86_64 0:3.1.2-6.el7_6.1 will be installed\n--> Running transaction check\n---> Package perl-Carp.noarch 0:1.26-244.el7 will be installed\n---> Package perl-Filter.x86_64 0:1.49-3.el7 will be installed\n---> Package perl-Pod-Simple.noarch 1:3.28-4.el7 will be installed\n--> Processing Dependency: perl(Pod::Escapes) >= 1.04 for package: 1:perl-Pod-Simple-3.28-4.el7.noarch\n--> Processing Dependency: perl(Encode) for package: 1:perl-Pod-Simple-3.28-4.el7.noarch\n---> Package perl-Pod-Usage.noarch 0:1.63-3.el7 will be installed\n--> Processing Dependency: perl(Pod::Text) >= 3.15 for package: perl-Pod-Usage-1.63-3.el7.noarch\n--> Processing Dependency: perl-Pod-Perldoc for package: perl-Pod-Usage-1.63-3.el7.noarch\n---> Package perl-Scalar-List-Utils.x86_64 0:1.27-248.el7 will be installed\n---> Package perl-Socket.x86_64 0:2.010-4.el7 will be installed\n---> Package perl-Storable.x86_64 0:2.45-3.el7 will be installed\n---> Package perl-Text-ParseWords.noarch 0:3.29-4.el7 will be installed\n---> Package perl-Time-HiRes.x86_64 4:1.9725-3.el7 will be installed\n---> Package perl-Time-Local.noarch 0:1.2300-2.el7 will be installed\n---> Package perl-constant.noarch 0:1.27-2.el7 will be installed\n---> Package perl-libs.x86_64 4:5.16.3-294.el7_6 will be installed\n---> Package perl-macros.x86_64 4:5.16.3-294.el7_6 will be installed\n---> Package perl-threads.x86_64 0:1.87-4.el7 will be installed\n---> Package perl-threads-shared.x86_64 0:1.43-6.el7 will be installed\n--> Running transaction check\n---> Package perl-Encode.x86_64 0:2.51-7.el7 will be installed\n---> Package perl-Pod-Escapes.noarch 1:1.04-294.el7_6 will be installed\n---> Package perl-Pod-Perldoc.noarch 0:3.20-4.el7 will be installed\n--> Processing Dependency: perl(parent) for package: perl-Pod-Perldoc-3.20-4.el7.noarch\n--> Processing Dependency: perl(HTTP::Tiny) for package: perl-Pod-Perldoc-3.20-4.el7.noarch\n---> Package perl-podlators.noarch 0:2.5.1-3.el7 will be installed\n--> Running transaction check\n---> Package perl-HTTP-Tiny.noarch 0:0.033-3.el7 will be installed\n---> Package perl-parent.noarch 1:0.225-244.el7 will be installed\n--> Finished Dependency Resolution\n\nDependencies Resolved\n\n================================================================================\n Package                    Arch       Version                   Repository\n                                                                           Size\n================================================================================\nInstalling:\n git                        x86_64     1.8.3.1-20.el7            base     4.4 M\nInstalling for dependencies:\n perl                       x86_64     4:5.16.3-294.el7_6        base     8.0 M\n perl-Carp                  noarch     1.26-244.el7              base      19 k\n perl-Encode                x86_64     2.51-7.el7                base     1.5 M\n perl-Error                 noarch     1:0.17020-2.el7           base      32 k\n perl-Exporter              noarch     5.68-3.el7                base      28 k\n perl-File-Path             noarch     2.09-2.el7                base      26 k\n perl-File-Temp             noarch     0.23.01-3.el7             base      56 k\n perl-Filter                x86_64     1.49-3.el7                base      76 k\n perl-Getopt-Long           noarch     2.40-3.el7                base      56 k\n perl-Git                   noarch     1.8.3.1-20.el7            base      55 k\n perl-HTTP-Tiny             noarch     0.033-3.el7               base      38 k\n perl-PathTools             x86_64     3.40-5.el7                base      82 k\n perl-Pod-Escapes           noarch     1:1.04-294.el7_6          base      51 k\n perl-Pod-Perldoc           noarch     3.20-4.el7                base      87 k\n perl-Pod-Simple            noarch     1:3.28-4.el7              base     216 k\n perl-Pod-Usage             noarch     1.63-3.el7                base      27 k\n perl-Scalar-List-Utils     x86_64     1.27-248.el7              base      36 k\n perl-Socket                x86_64     2.010-4.el7               base      49 k\n perl-Storable              x86_64     2.45-3.el7                base      77 k\n perl-TermReadKey           x86_64     2.30-20.el7               base      31 k\n perl-Text-ParseWords       noarch     3.29-4.el7                base      14 k\n perl-Time-HiRes            x86_64     4:1.9725-3.el7            base      45 k\n perl-Time-Local            noarch     1.2300-2.el7              base      24 k\n perl-constant              noarch     1.27-2.el7                base      19 k\n perl-libs                  x86_64     4:5.16.3-294.el7_6        base     688 k\n perl-macros                x86_64     4:5.16.3-294.el7_6        base      44 k\n perl-parent                noarch     1:0.225-244.el7           base      12 k\n perl-podlators             noarch     2.5.1-3.el7               base     112 k\n perl-threads               x86_64     1.87-4.el7                base      49 k\n perl-threads-shared        x86_64     1.43-6.el7                base      39 k\n rsync                      x86_64     3.1.2-6.el7_6.1           base     404 k\n\nTransaction Summary\n================================================================================\nInstall  1 Package (+31 Dependent packages)\n\nTotal download size: 16 M\nInstalled size: 59 M\nDownloading packages:\n--------------------------------------------------------------------------------\nTotal                                              771 kB/s |  16 MB  00:21     \nRunning transaction check\nRunning transaction test\nTransaction test succeeded\nRunning transaction\n  Installing : 1:perl-parent-0.225-244.el7.noarch                          1/32 \n  Installing : perl-HTTP-Tiny-0.033-3.el7.noarch                           2/32 \n  Installing : perl-podlators-2.5.1-3.el7.noarch                           3/32 \n  Installing : perl-Pod-Perldoc-3.20-4.el7.noarch                          4/32 \n  Installing : 1:perl-Pod-Escapes-1.04-294.el7_6.noarch                    5/32 \n  Installing : perl-Encode-2.51-7.el7.x86_64                               6/32 \n  Installing : perl-Text-ParseWords-3.29-4.el7.noarch                      7/32 \n  Installing : perl-Pod-Usage-1.63-3.el7.noarch                            8/32 \n  Installing : 4:perl-libs-5.16.3-294.el7_6.x86_64                         9/32 \n  Installing : 4:perl-macros-5.16.3-294.el7_6.x86_64                      10/32 \n  Installing : 4:perl-Time-HiRes-1.9725-3.el7.x86_64                      11/32 \n  Installing : perl-Exporter-5.68-3.el7.noarch                            12/32 \n  Installing : perl-constant-1.27-2.el7.noarch                            13/32 \n  Installing : perl-Time-Local-1.2300-2.el7.noarch                        14/32 \n  Installing : perl-Socket-2.010-4.el7.x86_64                             15/32 \n  Installing : perl-Carp-1.26-244.el7.noarch                              16/32 \n  Installing : perl-Storable-2.45-3.el7.x86_64                            17/32 \n  Installing : perl-PathTools-3.40-5.el7.x86_64                           18/32 \n  Installing : perl-Scalar-List-Utils-1.27-248.el7.x86_64                 19/32 \n  Installing : perl-File-Temp-0.23.01-3.el7.noarch                        20/32 \n  Installing : perl-File-Path-2.09-2.el7.noarch                           21/32 \n  Installing : perl-threads-shared-1.43-6.el7.x86_64                      22/32 \n  Installing : perl-threads-1.87-4.el7.x86_64                             23/32 \n  Installing : 1:perl-Pod-Simple-3.28-4.el7.noarch                        24/32 \n  Installing : perl-Filter-1.49-3.el7.x86_64                              25/32 \n  Installing : perl-Getopt-Long-2.40-3.el7.noarch                         26/32 \n  Installing : 4:perl-5.16.3-294.el7_6.x86_64                             27/32 \n  Installing : 1:perl-Error-0.17020-2.el7.noarch                          28/32 \n  Installing : perl-TermReadKey-2.30-20.el7.x86_64                        29/32 \n  Installing : rsync-3.1.2-6.el7_6.1.x86_64                               30/32 \n  Installing : perl-Git-1.8.3.1-20.el7.noarch                             31/32 \n  Installing : git-1.8.3.1-20.el7.x86_64                                  32/32 \n  Verifying  : perl-HTTP-Tiny-0.033-3.el7.noarch                           1/32 \n  Verifying  : perl-threads-shared-1.43-6.el7.x86_64                       2/32 \n  Verifying  : 4:perl-Time-HiRes-1.9725-3.el7.x86_64                       3/32 \n  Verifying  : 1:perl-Pod-Escapes-1.04-294.el7_6.noarch                    4/32 \n  Verifying  : perl-Exporter-5.68-3.el7.noarch                             5/32 \n  Verifying  : perl-constant-1.27-2.el7.noarch                             6/32 \n  Verifying  : perl-PathTools-3.40-5.el7.x86_64                            7/32 \n  Verifying  : rsync-3.1.2-6.el7_6.1.x86_64                                8/32 \n  Verifying  : 1:perl-parent-0.225-244.el7.noarch                          9/32 \n  Verifying  : perl-TermReadKey-2.30-20.el7.x86_64                        10/32 \n  Verifying  : 4:perl-libs-5.16.3-294.el7_6.x86_64                        11/32 \n  Verifying  : perl-File-Temp-0.23.01-3.el7.noarch                        12/32 \n  Verifying  : perl-Git-1.8.3.1-20.el7.noarch                             13/32 \n  Verifying  : perl-Time-Local-1.2300-2.el7.noarch                        14/32 \n  Verifying  : 4:perl-macros-5.16.3-294.el7_6.x86_64                      15/32 \n  Verifying  : perl-Socket-2.010-4.el7.x86_64                             16/32 \n  Verifying  : perl-Carp-1.26-244.el7.noarch                              17/32 \n  Verifying  : 1:perl-Error-0.17020-2.el7.noarch                          18/32 \n  Verifying  : git-1.8.3.1-20.el7.x86_64                                  19/32 \n  Verifying  : perl-Storable-2.45-3.el7.x86_64                            20/32 \n  Verifying  : perl-Scalar-List-Utils-1.27-248.el7.x86_64                 21/32 \n  Verifying  : perl-Pod-Usage-1.63-3.el7.noarch                           22/32 \n  Verifying  : perl-Encode-2.51-7.el7.x86_64                              23/32 \n  Verifying  : perl-Pod-Perldoc-3.20-4.el7.noarch                         24/32 \n  Verifying  : perl-podlators-2.5.1-3.el7.noarch                          25/32 \n  Verifying  : perl-File-Path-2.09-2.el7.noarch                           26/32 \n  Verifying  : perl-threads-1.87-4.el7.x86_64                             27/32 \n  Verifying  : 1:perl-Pod-Simple-3.28-4.el7.noarch                        28/32 \n  Verifying  : perl-Filter-1.49-3.el7.x86_64                              29/32 \n  Verifying  : perl-Getopt-Long-2.40-3.el7.noarch                         30/32 \n  Verifying  : perl-Text-ParseWords-3.29-4.el7.noarch                     31/32 \n  Verifying  : 4:perl-5.16.3-294.el7_6.x86_64                             32/32 \n\nInstalled:\n  git.x86_64 0:1.8.3.1-20.el7                                                   \n\nDependency Installed:\n  perl.x86_64 4:5.16.3-294.el7_6                                                \n  perl-Carp.noarch 0:1.26-244.el7                                               \n  perl-Encode.x86_64 0:2.51-7.el7                                               \n  perl-Error.noarch 1:0.17020-2.el7                                             \n  perl-Exporter.noarch 0:5.68-3.el7                                             \n  perl-File-Path.noarch 0:2.09-2.el7                                            \n  perl-File-Temp.noarch 0:0.23.01-3.el7                                         \n  perl-Filter.x86_64 0:1.49-3.el7                                               \n  perl-Getopt-Long.noarch 0:2.40-3.el7                                          \n  perl-Git.noarch 0:1.8.3.1-20.el7                                              \n  perl-HTTP-Tiny.noarch 0:0.033-3.el7                                           \n  perl-PathTools.x86_64 0:3.40-5.el7                                            \n  perl-Pod-Escapes.noarch 1:1.04-294.el7_6                                      \n  perl-Pod-Perldoc.noarch 0:3.20-4.el7                                          \n  perl-Pod-Simple.noarch 1:3.28-4.el7                                           \n  perl-Pod-Usage.noarch 0:1.63-3.el7                                            \n  perl-Scalar-List-Utils.x86_64 0:1.27-248.el7                                  \n  perl-Socket.x86_64 0:2.010-4.el7                                              \n  perl-Storable.x86_64 0:2.45-3.el7                                             \n  perl-TermReadKey.x86_64 0:2.30-20.el7                                         \n  perl-Text-ParseWords.noarch 0:3.29-4.el7                                      \n  perl-Time-HiRes.x86_64 4:1.9725-3.el7                                         \n  perl-Time-Local.noarch 0:1.2300-2.el7                                         \n  perl-constant.noarch 0:1.27-2.el7                                             \n  perl-libs.x86_64 4:5.16.3-294.el7_6                                           \n  perl-macros.x86_64 4:5.16.3-294.el7_6                                         \n  perl-parent.noarch 1:0.225-244.el7                                            \n  perl-podlators.noarch 0:2.5.1-3.el7                                           \n  perl-threads.x86_64 0:1.87-4.el7                                              \n  perl-threads-shared.x86_64 0:1.43-6.el7                                       \n  rsync.x86_64 0:3.1.2-6.el7_6.1                                                \n\nComplete!\n"
    ]
}


[root@localhost ~]# ansible  all -i 10.76.137.71, -m yum -a "state=present name=wget" -u root -k
SSH password:
10.76.137.71 | CHANGED => {
    "ansible_facts": {
        "discovered_interpreter_python": "/usr/bin/python"
    },
    "changed": true,
    "changes": {
        "installed": [
            "wget"
        ]
    },
    "msg": "",
    "rc": 0,
    "results": [
        "Loaded plugins: fastestmirror\nLoading mirror speeds from cached hostfile\n * base: centos.excellmedia.net\n * extras: centos-hcm.viettelidc.com.vn\n * updates: centos-hcm.viettelidc.com.vn\nResolving Dependencies\n--> Running transaction check\n---> Package wget.x86_64 0:1.14-18.el7_6.1 will be installed\n--> Finished Dependency Resolution\n\nDependencies Resolved\n\n================================================================================\n Package        Arch             Version                   Repository      Size\n================================================================================\nInstalling:\n wget           x86_64           1.14-18.el7_6.1           base           547 k\n\nTransaction Summary\n================================================================================\nInstall  1 Package\n\nTotal download size: 547 k\nInstalled size: 2.0 M\nDownloading packages:\nRunning transaction check\nRunning transaction test\nTransaction test succeeded\nRunning transaction\n  Installing : wget-1.14-18.el7_6.1.x86_64                                  1/1 \n  Verifying  : wget-1.14-18.el7_6.1.x86_64                                  1/1 \n\nInstalled:\n  wget.x86_64 0:1.14-18.el7_6.1                                                 \n\nComplete!\n"
    ]
}




[root@localhost ansible]# ansible gog -i hosts -m yum -a "state=present name=httpd" -u root -k
SSH password:
10.76.137.71 | SUCCESS => {
    "ansible_facts": {
        "discovered_interpreter_python": "/usr/bin/python"
    },
    "changed": false,
    "msg": "",
    "rc": 0,
    "results": [
        "httpd-2.4.6-90.el7.centos.x86_64 providing httpd is already installed"
    ]
}
10.76.136.250 | SUCCESS => {
    "ansible_facts": {
        "discovered_interpreter_python": "/usr/bin/python"
    },
    "changed": false,
    "msg": "",
    "rc": 0,
    "results": [
        "httpd-2.4.6-90.el7.centos.x86_64 providing httpd is already installed"
    ]
}


[root@localhost ~]# ansible gog -m copy -a "src=index.html dest=/var/www/html/" -u root -k
SSH password:
10.76.136.250 | SUCCESS => {
    "ansible_facts": {
        "discovered_interpreter_python": "/usr/bin/python"
    },
    "changed": false,
    "checksum": "7d95a7ab47ed594969fdacc114794e8133d2c786",
    "dest": "/var/www/html/index.html",
    "gid": 0,
    "group": "root",
    "mode": "0644",
    "owner": "root",
    "path": "/var/www/html/index.html",
    "secontext": "system_u:object_r:httpd_sys_content_t:s0",
    "size": 13,
    "state": "file",
    "uid": 0
}
10.76.137.71 | SUCCESS => {
    "ansible_facts": {
        "discovered_interpreter_python": "/usr/bin/python"
    },
    "changed": false,
    "checksum": "7d95a7ab47ed594969fdacc114794e8133d2c786",
    "dest": "/var/www/html/index.html",
    "gid": 0,
    "group": "root",
    "mode": "0644",
    "owner": "root",
    "path": "/var/www/html/index.html",
    "secontext": "system_u:object_r:httpd_sys_content_t:s0",
    "size": 13,
    "state": "file",
    "uid": 0
}

[root@localhost ~]# ansible  gog -m yum -a "state=present name=git" -u root -k
SSH password:
10.76.137.71 | SUCCESS => {
    "ansible_facts": {
        "discovered_interpreter_python": "/usr/bin/python"
    },
    "changed": false,
    "msg": "",
    "rc": 0,
    "results": [
        "git-1.8.3.1-20.el7.x86_64 providing git is already installed"
    ]
}
10.76.136.250 | SUCCESS => {
    "ansible_facts": {
        "discovered_interpreter_python": "/usr/bin/python"
    },
    "changed": false,
    "msg": "",
    "rc": 0,
    "results": [
        "git-1.8.3.1-20.el7.x86_64 providing git is already installed"
    ]
}


[root@localhost ~]# ansible gog -m file -a "state=touch dest=/var/www/html/robin.html" -u root -k
SSH password:
10.76.137.71 | CHANGED => {
    "ansible_facts": {
        "discovered_interpreter_python": "/usr/bin/python"
    },
    "changed": true,
    "dest": "/var/www/html/robin.html",
    "gid": 0,
    "group": "root",
    "mode": "0644",
    "owner": "root",
    "secontext": "unconfined_u:object_r:httpd_sys_content_t:s0",
    "size": 0,
    "state": "file",
    "uid": 0
}
10.76.136.250 | CHANGED => {
    "ansible_facts": {
        "discovered_interpreter_python": "/usr/bin/python"
    },
    "changed": true,
    "dest": "/var/www/html/robin.html",
    "gid": 0,
    "group": "root",
    "mode": "0644",
    "owner": "root",
    "secontext": "unconfined_u:object_r:httpd_sys_content_t:s0",
    "size": 0,
    "state": "file",
    "uid": 0
}


[root@localhost ~]# ansible  gog -m yum -a "state=present name=wget" -u root -k
SSH password:
10.76.137.71 | SUCCESS => {
    "ansible_facts": {
        "discovered_interpreter_python": "/usr/bin/python"
    },
    "changed": false,
    "msg": "",
    "rc": 0,
    "results": [
        "wget-1.14-18.el7_6.1.x86_64 providing wget is already installed"
    ]
}
10.76.136.250 | SUCCESS => {
    "ansible_facts": {
        "discovered_interpreter_python": "/usr/bin/python"
    },
    "changed": false,
    "msg": "",
    "rc": 0,
    "results": [
        "wget-1.14-18.el7_6.1.x86_64 providing wget is already installed"
    ]
}


###############################


[root@localhost ansible]# ansible-playbook Excercise2_Paybook.yaml

PLAY [This sets up an httpd webserver] **********************************************************************************************

TASK [Gathering Facts] **************************************************************************************************************
ok: [10.76.137.71]
ok: [10.76.136.250]

TASK [Install the httpd apps] *******************************************************************************************************
ok: [10.76.137.71]
ok: [10.76.136.250]

TASK [start the httpd service] ******************************************************************************************************
ok: [10.76.136.250]
ok: [10.76.137.71]

TASK [create a empty fle] ***********************************************************************************************************
changed: [10.76.136.250]
changed: [10.76.137.71]

TASK [copy a file] ******************************************************************************************************************
ok: [10.76.137.71]
ok: [10.76.136.250]

PLAY RECAP **************************************************************************************************************************
10.76.136.250              : ok=5    changed=1    unreachable=0    failed=0    skipped=0    rescued=0    ignored=0
10.76.137.71               : ok=5    changed=1    unreachable=0    failed=0    skipped=0    rescued=0    ignored=0



#########################################################################

[root@localhost ansible]# ansible-playbook Excercise2.2_Playbook.yaml

PLAY [This sets up for user] ********************************************************************************************************

TASK [Gathering Facts] **************************************************************************************************************
ok: [10.76.137.71]
ok: [10.76.136.250]

TASK [create group Ansible2] ********************************************************************************************************
changed: [10.76.136.250]
changed: [10.76.137.71]

TASK [Create User and make member of Ansible & /bin/bash] ***************************************************************************
changed: [10.76.137.71]
changed: [10.76.136.250]

TASK [to install a package called “git”] ********************************************************************************************
ok: [10.76.137.71]
ok: [10.76.136.250]

TASK [to install a package called “wget”] ********************************************************************************************
ok: [10.76.137.71]
ok: [10.76.136.250]

TASK [to clone git repo. thttps://github.com/scmgalaxy/ansible-role-template] *******************************************************
changed: [10.76.136.250]
changed: [10.76.137.71]

PLAY RECAP **************************************************************************************************************************
10.76.136.250              : ok=6    changed=3    unreachable=0    failed=0    skipped=0    rescued=0    ignored=0
10.76.137.71               : ok=6    changed=3    unreachable=0    failed=0    skipped=0    rescued=0    ignored=0


PLAY [to reboot a self machine] *****************************************************************************************************

TASK [Gathering Facts] **************************************************************************************************************
ok: [10.76.137.71]

TASK [to reboot a self machine] *****************************************************************************************************

